// Jest Snapshot v1, https://goo.gl/fbAQLP

exports[`renders correctly 1`] = `
<div
  className="bar"
>
  <div
    className="barContent"
  >
    <div
      className="barTimer"
    >
      00:00
       / 
      00:00
    </div>
    <audio
      onTimeUpdate={[Function]}
      src="/path/to/track2.mp3"
    />
    <input
      className="styledProgressInput"
      max={0}
      min={0}
      onChange={[Function]}
      step={0.01}
      type="range"
      value={0}
    />
    <div
      className="barPlayerBlock"
    >
      <div
        className="barPlayer"
      >
        <div
          className="playerControls"
        >
          <div
            className="playerBtnPrev"
            onClick={[Function]}
          >
            <svg
              className="playerBtnPrevSvg"
            >
              <use
                xlinkHref="/img/icon/sprite.svg#icon-prev"
              />
            </svg>
          </div>
          <div
            className="playerBtnPlay"
            onClick={[Function]}
          >
            <svg
              className="playerBtnPlaySvg"
            >
              <use
                xlinkHref="/img/icon/sprite.svg#icon-play"
              />
            </svg>
          </div>
          <div
            className="playerBtnNext"
            onClick={[Function]}
          >
            <svg
              className="playerBtnNextSvg"
            >
              <use
                xlinkHref="/img/icon/sprite.svg#icon-next"
              />
            </svg>
          </div>
          <div
            className="playerBtnRepeat"
            onClick={[Function]}
          >
            <svg
              className="playerBtnRepeatSvg"
            >
              <use
                xlinkHref="/img/icon/sprite.svg#icon-repeat"
              />
            </svg>
          </div>
          <div
            className="playerBtnShuffle"
            onClick={[Function]}
          >
            <svg
              className="playerBtnShuffleSvg"
            >
              <use
                xlinkHref="/img/icon/sprite.svg#icon-shuffle"
              />
            </svg>
          </div>
        </div>
        <div
          className="playerTrackPlay"
        >
          <div
            className="trackPlayContain"
          >
            <div
              className="trackPlayImage"
            >
              <svg
                className="trackPlaySvg"
              >
                <use
                  xlinkHref="/img/icon/sprite.svg#icon-note"
                />
              </svg>
            </div>
            <div
              className="trackPlayAuthor"
            >
              <a
                className="trackPlayAuthorLink"
                href="http://"
              >
                Test Artist 2
              </a>
            </div>
            <div
              className="trackPlayAlbum"
            >
              <a
                className="trackPlayAlbumLink"
                href="http://"
              >
                Test Album 2
              </a>
            </div>
          </div>
          <div
            className="trackPlayLikeDis"
          >
            <div
              className="trackPlayLike"
              onClick={[Function]}
            >
              <svg
                className="trackPlayLikeSvg"
              >
                <use
                  xlinkHref="/img/icon/sprite.svg#icon-dislike"
                />
              </svg>
            </div>
          </div>
        </div>
      </div>
    </div>
  </div>
</div>
`;
